/* placeholder snapshot to keep directory creation if needed */

